[backblue.gif]
[fade.gif]
[index.html]
[wp-content/themes/localdigital2/favicon.ico]
[wp-includes/js/jquery/jqueryb8ff.js]
[wp-includes/js/jquery/jquery-migrate.min330a.js]
[wp-content/themes/localdigital2/js/pym.minc721.js]
[wp-content/themes/localdigital2/js/bootstrap.minc721.js]
[wp-content/themes/localdigital2/fancybox/jquery.fancybox.packd63f.js]
[wp-json/index.html]
[wp-content/themes/localdigital2/fancybox/helpers/jquery.fancybox-buttonsc721.js]
[wp-content/themes/localdigital2/fancybox/helpers/jquery.fancybox-mediac721.js]
[wp-content/themes/localdigital2/fancybox/helpers/jquery.fancybox-thumbsc721.js]
[wp-content/themes/localdigital2/js/ht-scriptsc721.js]
[wp-includes/js/wp-embed.minc721.js]
[index-2.html]
[wp-includes/css/dist/block-library/style.minc721.css]
[wp-content/plugins/wp-pagenavi/pagenavi-css44fd.css]
[wp-content/themes/localdigital2/img/glyphicons-halflings.png]
[wp-content/themes/localdigital2/img/glyphicons-halflings-white.png]
[wp-content/themes/localdigital2/css/bootstrapc721.css]
[wp-content/themes/localdigital2/css/bootstrap-responsive.minc721.css]
[wp-content/themes/localdigital2/fancybox/fancybox_sprite.png]
[wp-content/themes/localdigital2/fancybox/fancybox_loading.gif]
[wp-content/themes/localdigital2/fancybox/blank.gif]
[wp-content/themes/localdigital2/fancybox/fancybox_overlay.png]
[wp-content/themes/localdigital2/fancybox/fancybox_sprite@2x.png]
[wp-content/themes/localdigital2/fancybox/fancybox_loading@2x.gif]
[wp-content/themes/localdigital2/fancybox/jquery.fancyboxc721.css]
[wp-content/themes/localdigital2/fancybox/helpers/fancybox_buttons.png]
[wp-content/themes/localdigital2/fancybox/helpers/jquery.fancybox-buttonsc721.css]
[wp-content/themes/localdigital2/fancybox/helpers/jquery.fancybox-thumbsc721.css]
[wp-content/themes/localdigital2/img/pdf.gif]
[wp-content/themes/localdigital2/img/xls.gif]
[wp-content/themes/localdigital2/img/doc.gif]
[wp-content/themes/localdigital2/img/icon-ppt.gif]
[wp-content/themes/localdigital2/img/social-media-32px.png]
[wp-content/themes/localdigital2/img/black-trans.png]
[wp-content/themes/localdigital2/img/sprites.png]
[wp-content/themes/localdigital2/img/header-bg.png]
[wp-content/themes/localdigital2/img/time-icon.png]
[wp-content/themes/localdigital2/stylec721.css]
[wp-content/uploads/2016/03/govVerify400x266-1-e1470230117492-150x120.png]
[wp-content/uploads/2016/09/PSS_JH-16-150x120.jpg]
[wp-content/uploads/2016/09/PSS_JH-15-150x120.jpg]
[wp-content/uploads/2016/03/dvla-cover-150x120.png]
[wp-content/uploads/2017/11/IMG_20171107_095531657-150x120.jpg]
[wp-content/uploads/2015/04/Fingers-on-keyboard-150x120.jpg]
[wp-content/uploads/2016/03/video-150x120.png]
[wp-content/uploads/2015/05/Screen-Shot-2015-06-03-at-13.30.55-150x120.png]
[wp-content/uploads/2015/09/Flood-Resilience-Digital-Partnership-Logo-150x120.png]
[products/index.html]
[wp-content/uploads/2017/02/Screen-Shot-2017-02-16-at-15.29.39-1-e1487259302320-150x120.png]
[wp-content/uploads/2017/03/Screen-Shot-2017-03-01-at-12.34.10-150x120.png]
[wp-content/uploads/2017/02/User-research-toolkit-from-GDS-VerifyLocal-pilots.pdf]
[wp-content/uploads/2017/02/Screen-Shot-2017-02-17-at-10.13.04-150x120.png]
[wp-content/uploads/2017/02/Parking-Permits-Technical-Diagram-v1.pdf]
[wp-content/uploads/2017/02/Screen-Shot-2017-02-17-at-10.13.16-150x120.png]
[wp-content/uploads/2017/02/Concessionary-Travel-Technical-Diagram-v1.pdf]
[wp-content/uploads/2016/11/Screen-Shot-2016-11-17-at-14.27.13-150x120.png]
[wp-content/uploads/2016/11/Interview-Prompts.docx]
[wp-content/uploads/2016/11/User-Journey-Map-Template.pdf]
[wp-content/uploads/2016/11/Consent-Form.docx]
[wp-content/uploads/2016/11/User-Research-Planning.pdf]
[wp-content/uploads/2016/11/Screen-Shot-2016-11-17-at-13.41.47-150x120.png]
[wp-content/uploads/2016/11/User_journey_verify_local.pdf]
[wp-content/uploads/2016/11/Verify-Local-Discovery-Planning-Templates.xlsx]
[wp-content/uploads/2016/09/Screen-Shot-2016-09-07-at-13.09.26-2-e1473351314210-150x120.png]
[wp-content/uploads/2016/09/VerifyLocal-project-roadmap-V1-Sept-2016.pdf]
[wp-content/uploads/2016/09/Screen-Shot-2016-09-07-at-12.59.49-150x120.png]
[wp-content/uploads/2016/09/VerifyLocalPilotParticipationAgreementforCouncils-Sept20163.pdf]
[wp-content/uploads/2016/08/Screen-Shot-2016-08-25-at-14.21.14-150x120.png]
[wp-content/uploads/2016/08/Screen-Shot-2016-08-25-at-14.20.44-150x120.png]
[wp-content/uploads/2016/08/Screen-Shot-2016-08-25-at-14.01.01-150x120.png]
[wp-content/uploads/2016/08/Screen-Shot-2016-08-25-at-13.58.57-150x120.png]
[wp-content/uploads/2016/08/Screen-Shot-2016-08-12-at-17.22.32-150x120.png]
[wp-content/uploads/2016/08/Screen-Shot-2016-08-12-at-17.07.54-150x120.png]
[wp-content/uploads/2016/03/research-cover-150x120.jpg]
[wp-content/uploads/2016/03/Local-Central-digital-data-checking-research.pdf]
[wp-content/uploads/2016/03/DVLA-Discovery-Findings-Report.pdf]
[wp-content/uploads/2016/03/Procurement-doc-thumbnail_150x120.jpg]
[wp-content/uploads/2016/02/Waste-beta-business-case-cover_FINAL_300px_border-150x120.jpg]
[wp-content/uploads/2016/03/Waste-standards-business-case.pdf]
[wp-content/uploads/2016/03/care-act-150x120.png]
[wp-content/uploads/2016/03/microsoft-150x120.png]
[wp-content/uploads/2016/03/verify-150x120.png]
[wp-content/uploads/2016/03/planning-and-alignment-150x120.png]
[wp-content/uploads/2016/03/waste-standards-150x120.png]
[wp-content/uploads/2016/03/transforming-150x120.png]
[wp-content/uploads/2016/03/Luton-150x120.png]
[wp-content/uploads/2016/03/design-patterns-150x120.png]
[wp-content/uploads/2016/03/think-cyber-150x120.png]
[wp-content/uploads/2016/03/lga-150x120.png]
[resources/index.html]
[wp-content/uploads/2017/10/Screen-Shot-2017-10-25-at-10.52.29-150x120.png]
[wp-content/uploads/2017/07/Gov-Design-Meetup-150x120.jpg]
[wp-content/uploads/2017/03/Northumberland-pilot-team-150x120.jpg]
[wp-content/uploads/2016/08/Screen-Shot-2016-08-02-at-12.04.09-150x120.png]
[product/extension-of-gov-uk-verify-to-local-government-pilot/index.html]
[wp-content/uploads/2016/10/Screen-Shot-2016-11-24-at-11.18.41-300x185.png]
[product/extension-of-gov-uk-verify-to-local-government-pilot/verifylocal-residents-parking-permit-pilot/index.html]
[wp-content/uploads/2016/10/Screen-Shot-2016-11-10-at-16.00.25-300x141.png]
[product/extension-of-gov-uk-verify-to-local-government-pilot/verifylocal-concessionary-travel-pilot/index.html]
[product/dvla-apis-for-local-authorities/index.html]
[product/employee-identity-checking/index.html]
[wp-content/uploads/2015/04/DPA-calc-screenshots.jpg]
[wp-content/uploads/2015/04/DPA-calc-screenshots-179x300.jpg]
[wp-content/uploads/2015/06/henry-photo-e1434917943624-135x120.jpg]
[wp-content/uploads/2015/04/iStock-calculator-nuiiun-e1429558469354-150x120.jpg]
[wp-content/uploads/2015/10/DPA-Thumbnail-2-small.png]
[wp-content/uploads/2015/06/dpa-calculator-150x120.png]
[wp-content/uploads/2015/06/Care-Act-150x120.png]
[wp-content/uploads/2015/06/SOLLA-150x120.png]
[product/deferred-payment-agreement-dpa-calculator/index.html]
[wp-content/uploads/2015/04/2014-06-21-10.34.02-300x225.jpg]
[wp-content/uploads/2015/04/2014-06-21-10.34.02-300x225-300x225.jpg]
[wp-content/uploads/2015/04/2014-11-04-15.57.57-300x225.jpg]
[wp-content/uploads/2015/04/2014-11-04-15.57.57-300x225-300x225.jpg]
[wp-content/uploads/2015/04/trello3.png]
[wp-content/uploads/2015/09/sarah-prag-150x120.jpg]
[wp-content/uploads/2015/10/paul_mackay-150x120.jpg]
[wp-content/uploads/2016/03/Linda-pres-thumb.png]
[wp-content/uploads/2016/03/Sarah-pres-thumb.png]
[wp-content/uploads/2016/03/Paul-pres-thumb.png]
[wp-content/uploads/2016/03/waste-beta-thumbnail-2_border-150x120.png]
[wp-content/uploads/2016/03/MVC-panel-thumb.png]
[wp-content/uploads/2016/03/Closing-panel-thumb.png]
[wp-content/uploads/2016/02/Capture-150x120.png]
[wp-content/uploads/2016/01/project-roadmap-150x120.png]
[wp-content/uploads/2016/01/elvis-150x120.png]
[wp-content/uploads/2016/01/data-modelling-150x120.png]
[wp-content/uploads/2015/10/making-the-case-150x120.png]
[wp-content/uploads/2015/10/thumbnail-panel-150x120.png]
[wp-content/uploads/2015/10/welcome-pioneers-150x120.png]
[wp-content/uploads/2015/10/Luton-150x120.png]
[wp-content/uploads/2015/10/alpha-150x120.png]
[wp-content/uploads/2015/10/technical-update-150x120.png]
[wp-content/uploads/2015/10/surrey-waste-partnership-150x120.png]
[wp-content/uploads/2015/10/video-play-1-150x120.png]
[wp-content/uploads/2015/07/storify-150x120.png]
[wp-content/uploads/2015/07/final-waste-discovery-event-150x120.png]
[product/local-waste-service-standards-project/index.html]
[product/local-central-attribute-checker/index.html]
[wp-content/uploads/2016/11/WCC-2-white-paper-FINAL.pdf]
[wp-content/uploads/2015/07/flood-resilience-150x120.png]
[wp-content/uploads/2015/02/FIM-150x120.png]
[wp-content/uploads/2015/02/data-sharing-platform-150x120.png]
[wp-content/uploads/2015/02/defra-150x120.png]
[wp-content/uploads/2015/02/flood-events-150x120.png]
[wp-content/uploads/2015/03/recovery-150x120.png]
[wp-content/uploads/2015/02/hazards-150x120.png]
[wp-content/uploads/2015/02/Environment-Agency-150x120.png]
[product/flood-resilience-digital-partnership/index.html]
[wp-content/uploads/2016/03/everything-happens-150x120.png]
[wp-content/uploads/2016/03/Waste-beta-business-case.pdf]
[wp-content/uploads/2016/01/homepage-images-150x120.png]
[wp-content/uploads/2015/09/Waste-beta-cover_300px-150x120.png]
[wp-content/uploads/2015/09/Waste-Alpha-business-case_OLD.pdf]
[resources/page/2/index.html]
[wp-content/uploads/2015/05/Deferred-Payment-Agreement-Calculator-User-Testing-Plan.pdf]
[wp-content/uploads/2015/05/DPA-Calculator-User-Testing-Scenarios.pdf]
[wp-content/uploads/2015/05/BriefforMVCPartners-WasteServiceStandardsProject.pdf]
[wp-content/uploads/2015/03/Making-health-and-social-care-information-accessible.docx]
[wp-content/uploads/2015/03/Development-of-a-new-accessible-information-standard.docx]
[wp-content/uploads/2014/12/Land-Registry-2-Photo-Report-Final-150x120.jpg]
[wp-content/uploads/2014/11/Local-Digital-programme-150x120.png]
[wp-content/uploads/2014/11/streetbank-150x120.png]
[wp-content/uploads/2014/10/peterborough-technology-strategy-150x120.png]
[wp-content/uploads/2014/10/7.-ICT-Strategy-2014-2019.pdf]
[wp-content/uploads/2014/10/digital-and-it-capabilities-150x120.png]
[wp-content/uploads/2014/07/NHS-Choices-150x120.png]
[wp-content/uploads/2014/06/oix2-150x120.png]
[wp-content/uploads/2014/06/white-paper-150x120.png]
[resources/page/3/index.html]
[resource/first-iteration-verifylocal-service-patterns-and-prototypes/index.html]
[resource/verifylocal-discovery-case-for-transforming-local-public-services-using-gov-uk-verify/index.html]
[resource/verifylocal-discovery-user-research/index.html]
[resource/verifylocal-parking-permits-technical-diagram/index.html]
[wp-content/uploads/2017/02/Concessionary-travel-journey-map-1-1-150x120.png]
[resource/verifylocal-concessionary-travel-technical-diagram/index.html]
[resource/verify-local-user-research-discovery-templates/index.html]
[resource/verify-local-discovery-planning-templates/index.html]
[resource/gov-uk-verify-for-local-pilot-project-road-map-v1-sept-2016/index.html]
[resource/gov-uk-verify-pilot-participation-agreement-for-councils-sept-2016/index.html]
[resource/july-2016-discovery-findings-for-transforming-local-authority-parking-permits-services-using-gov-uk-verify/index.html]
[resource/july-2016-discovery-findings-for-transforming-local-authority-taxi-licensing-services-using-gov-uk-verify/index.html]
[resource/july-2016-discovery-findings-on-the-benefits-of-transforming-local-authority-parking-permits-services-using-gov-uk-verify/index.html]
[resource/july-2016-discovery-findings-on-the-benefits-of-transforming-local-authority-taxi-licensing-services-using-gov-uk-verify/index.html]
[resource/9558/index.html]
[resource/july-2016-discovery-findings-for-local-authority-concessionary-travel-services/index.html]
[resource/local-central-digital-eligibility-checking-research-march-2016/index.html]
[resource/discovery-findings-on-better-dvla-data-checking-services-for-local-authorities-march-2016/index.html]
[resource/video-collaboration-for-local-service-transformation-lessons-from-the-local-waste-service-standards-pilot-march-2016/index.html]
[resource/improving-procurement-for-waste-and-other-local-public-services-use-of-data-standards-and-other-recommendations-march-2016/index.html]
[wp-content/uploads/2016/02/Waste-beta-business-case-cover_FINAL_small_border.jpg]
[wp-content/uploads/2016/02/Waste-beta-business-case-cover_FINAL_small_border-219x300.jpg]
[sites/default/files/documents/delivering-better-local-o-46b.pdf]
[resource/making-the-case-for-data-standards-an-alpha-business-case/index.html]
[resource/deferred-payment-agreement-eligibility-calculator-for-adult-social-care-matthew-wood-hill-and-john-mcmahon-march-2016/index.html]
[resource/microsoft-platform-view-michael-wignall-march-2016/index.html]
[resource/transforming-services-through-identity-eligibility-checking-ian-litton-march-2016/index.html]
[resource/informatics-digital-priorities-for-social-care-201617-2020-andrew-fenton-march-2016/index.html]
[resource/local-waste-services-standards-pilot-project-linda-ohalloran-march-2016/index.html]
[resource/transforming-the-student-bursary-support-service-joe-carr-and-philip-knight-march-2016/index.html]
[resource/dclg-waste-standards-project-luton-borough-council-adam-thoulass-march-2016/index.html]
[resource/gds-and-government-as-a-platform-felicity-singleton-march-2016/index.html]
[resource/think-cyber-think-resilience-william-barker-march-2016/index.html]
[resource/public-transformation-network-local-government-social-care-digital-cecil-sinclair-march-2015/index.html]
[wp-content/uploads/2017/10/Screen-Shot-2017-10-25-at-10.52.29.png]
[wp-content/uploads/2017/10/Screen-Shot-2017-10-25-at-10.52.29-300x228.png]
[designing-the-first-service-patterns-for-local-government/index.html]
[wp-content/uploads/2017/07/Gov-Design-Meetup.jpg]
[wp-content/uploads/2017/07/Gov-Design-Meetup-300x200.jpg]
[gov-design-a-meetup-to-bring-together-designers-working-in-government/index.html]
[wp-content/uploads/sites/36/2017/03/Northumberland-pilot-team-620x413.jpg]
[guest-post-working-with-gds-on-transforming-local-services/index.html]
[wp-content/uploads/2017/03/Discovery-to-Alpha-photo-1-150x120.jpg]
[wp-content/uploads/2017/02/featured-image-150x120.jpg]
[wp-content/uploads/2017/02/blue-badge-150x120.jpg]
[wp-content/uploads/2016/12/bhcc_logo_blk_web-150x120.jpg]
[wp-content/uploads/2016/11/2016-11-02-13.03.55-150x120.jpg]
[wp-content/uploads/2016/10/Featured-Image-150x120.jpg]
[wp-content/uploads/2016/10/Verifylocal-project-board-pilots-150x120.jpg]
[wp-content/uploads/2016/09/Council-photo-for-pilot-launch-blog-150x120.jpg]
[wp-content/uploads/2016/08/Taxi-Licensing-620x413-150x120.png]
[wp-content/uploads/2016/07/Toni-Kirshaw-at-GOV-150x120.jpg]
[wp-content/uploads/2015/03/Linda-smallest-3-150x120.jpg]
[wp-content/uploads/2016/07/Verify-Logo-150x120.jpg]
[products-update-archive/index9a05.html]
[resource/gds-2012-discovery-local-authority-review-citizen-online-identity-assurance/index.html]
[products-update-archive/index8f33.html]
[products-update-archive/index32dd.html]
[enthusiastic-response-to-the-deferred-payment-agreement-dpa-calculator/index.html]
[working-out-loud-dpa-calculator-project-designing-for-real-users/index.html]
[working-out-loud-deferred-payment-agreement-dpa-calculator-getting-the-right-formula/index.html]
[products-update-archive/indexd8db.html]
[resource/deferred-payment-agreement-dpa-calculator-explainer-video/index.html]
[resource/for-use-deferred-payment-agreement-dpa-calculator-apis/index.html]
[resource/local-digital-open-api-demonstrator-deferred-payments-calculator-linda-ohalloran-and-paul-tomlinson-june-2015/index.html]
[resource/financial-information-and-advice-and-duties-under-the-care-act-john-murphy-june-2015/index.html]
[resource/facilitating-access-to-information-and-advice-jane-finnerty-june-2015/index.html]
[resource/deferred-payment-agreement-dpa-calculator-user-testing-plan-and-scenarios/index.html]
[images/2902929_ChallengePanelReport_acc3.html]
[our-approach-to-service-design-and-what-it-could-mean-for-you/index.html]
[tech-trends-and-the-future-of-local-waste-services/index.html]
[LocalFiles/en-GB/standards/BSI-The-Economic-Contribution-of-Standards-to-the-UK-Economy-UK-EN.pdf]
[reflections-on-developing-the-business-case-for-the-waste-services-standards-project/index.html]
[wp-content/uploads/2016/03/AdamThoulass-ProfilePic-150x120.png]
[wp-content/uploads/2015/11/PaulMackayWhatIsAnAPI960x540-150x120.jpg]
[wp-content/uploads/2014/12/CoDesign2WasteStandards960x540-150x120.jpg]
[wp-content/uploads/2014/10/Discovery-Day-Leeds-group-shot-150x120.jpg]
[products-update-archive/index647f.html]
[resource/the-project-so-far-waste-standards-beta-showcase-linda-ohalloran-february-2016/index.html]
[resource/latest-business-case-research-waste-standards-beta-showcase-sarah-prag-february-2016/index.html]
[resource/the-technical-standards-waste-standards-beta-showcase-paul-mackay-february-2016/index.html]
[wp-content/uploads/2015/09/Published-waste-data-standard-financial-model.xlsx]
[resource/making-the-case-for-data-standards-a-beta-business-case/index.html]
[resource/local-authority-partners-panel-waste-standards-beta-showcase-february-2016/index.html]
[resource/next-steps-closing-panel-waste-standards-beta-showcase-february-2016/index.html]
[resource/local-waste-services-standards-beta-showcase-slides-february-2016/index.html]
[resource/local-waste-service-standards-pilot-project-phase-2-planning-workshop-linda-ohalloran-january-2016/index.html]
[resource/local-waste-service-standards-front-end-integration-workshop-linda-ohalloran-and-paul-mackay-january-2016/index.html]
[resource/data-modelling-and-apis-for-the-waste-services-standards-project-paul-mackay-january-2016/index.html]
[resource/making-the-business-case-alpha/index.html]
[resource/panel-discussion-local-waste-service-standards-alpha-showcase-october-2015/index.html]
[resource/localdigital-waste-service-standards-project-alpha-showcase-and-workshop/index.html]
[resource/integration-in-action-liam-hawkes-october-2015/index.html]
[resource/project-objectives-and-plan-local-waste-service-standards-project-alpha-showcase-linda-ohalloran-october-2015/index.html]
[resource/technical-update-local-waste-service-standards-project/index.html]
[resource/surrey-waste-partnership-waste-data/index.html]
[resource/dclg-local-waste-service-standards-project-introductory-video/index.html]
[resource/timeline-and-progress-localdigital-waste-service-standards-project-co-designing-standards-for-waste-services/index.html]
[resource/local-waste-service-standards-project-final-waste-discovery-day-linda-o-halloran-and-and-sarah-prag-july-2015/index.html]
[resource/local-waste-service-standards-project-brief-and-plan/index.html]
[resource/local-waste-service-standards-project-individual-discovery-workshop-introduction-slides/index.html]
[resource/useful-waste-services-standards-links/index.html]
[event/local-waste-service-standards-project-alpha-showcase-and-workshop/index.html]
[resource/flood-resilience-digital-partnership-plan-susanna-may-and-tim-godson/index.html]
[resource/flood-incident-management-fim-plan-2015-2020-craig-woolhouse/index.html]
[resource/environment-agency-flood-mapping-data-improving-flood-mapping-simon-redding/index.html]
[resource/preventing-preparing-for-responding-to-and-recovery-from-floods-david-lees/index.html]
[resource/whether-you-do-or-weather-you-dont-wudowud-david-patterson-and-mark-braggins/index.html]
[resource/communities-at-risk-paul-cobbing/index.html]
[resource/natural-hazards-partnership-carl-wilson/index.html]
[resource/the-role-of-digital-in-community-level-warning-and-informing-kevin-barnes-and-charles-richards/index.html]
[resource/standarised-data-for-place-as-a-platform/index.html]
[resource/highlights-from-the-2nd-year-of-the-localdigital-programme-2015/index.html]
[e4cad6019b26e6ef449cd9b19/images/1419b78e-0be6-4f74-8d58-977bb4fd8d10.png]
[e4cad6019b26e6ef449cd9b19/images/e803a178-a1a6-42b8-a0a1-218d64d17307.png]
[e4cad6019b26e6ef449cd9b19/images/6c9ed99f-a4d3-45ce-91c9-478f38a8ceac.png]
[e4cad6019b26e6ef449cd9b19/images/0273e8a4-646a-4017-9f5e-4915a31db47e.png]
[e4cad6019b26e6ef449cd9b19/images/3ea008d8-000d-485c-8fa6-0798643c4b73.png]
[e4cad6019b26e6ef449cd9b19/images/a431a694-3ec1-4352-9f98-3c84c848a274.png]
[e4cad6019b26e6ef449cd9b19/images/e8b22e83-2b83-47b6-a631-34fa64a24407.png]
[icons/social-block-v2/color-twitter-48.png]
[icons/social-block-v2/color-linkedin-48.png]
[icons/social-block-v2/color-youtube-48.png]
[resource/waste-service-standards-alpha-showcase/index.html]
[resource/making-the-case-for-data-standards-an-alpha-business-case-for-local-waste-services-september-2015/index.html]
[resource/paper-making-health-and-social-care-information-accessible-nhs-england-march-2015/index.html]
[resource/paper-development-of-a-new-accessible-information-standard-nhs-england/index.html]
[resource/land-registry-discovery-day-london-summary-report-february-2014/index.html]
[resource/local-digital-programme-overview-sheenagh-reynolds-november-2014/index.html]
[resource/dvla-vehicles-services-developments-john-hewson-november-2014/index.html]
[resource/the-local-digital-programme-approach-sheenagh-reynolds-november-2014/index.html]
[resource/working-with-the-3rd-sector-towards-a-circular-economy-sam-stephens-november-2014/index.html]
[resource/peterborough-technology-strategy-2014-2019/index.html]
[resource/digital-and-it-capabilities-guide-beta-october-2014/index.html]
[resource/the-health-and-social-care-digital-service-simon-dixon-july-2014/index.html]
[wp-content/uploads/2016/11/Warwickshire-County-Council-Technical-Findings-.pdf]
[resource/technical-findings-oix-idap-alpha-project-warwickshire-county-council/index.html]
[wp-content/uploads/2016/11/Warwickshire-County-Council-Project-2.pdf]
[resource/white-paper-interoperability-between-central-and-local-government-identity-assurance-schemes/index.html]
[reflections-from-luton-borough-council-on-why-they-got-involved/index.html]
[waste-service-standards-project-alpha-update/index.html]
[modelling-waste-services/index.html]
[what-our-technical-standards-mean-for-you/index.html]
[co-designing-data-standards-for-local-services-lessons-learnt-during-alpha-phase/index.html]
[news-blog/index.html]
[verifylocal-pilots-moving-from-discovery-to-alpha/index.html]
[collaborative-user-research-for-verifylocal-discovery/index.html]
[wp-content/uploads/sites/36/2017/02/2643589547_46db1a9442_z-620x412.jpg]
[using-gov-uk-verify-to-transform-a-local-authority-service/index.html]
[brighton-and-hove-blog-about-joining-verifylocal-parking-permit-pilot/index.html]
[transforming-government-through-verifylocal-pilots-1-month-in/index.html]
[wp-content/uploads/sites/36/2016/10/GDS_2709-1-620x413.jpg]
[listening-to-the-market-engaging-with-local-authority-suppliers/index.html]
[wp-content/uploads/sites/36/2016/10/Venn-diagram-of-local-councils-updated-1.png]
[verifylocal-pilots-are-open-for-business/index.html]
[wp-content/uploads/sites/36/2016/06/6047685674_b17d39e7dc_z-620x412.jpg]
[government/uploads/system/uploads/attachment_data/file/361496/PCAG_IDA_Principles_3.1__4_.pdf]
[gds-blog-introducing-our-first-verifylocal-pilot-plans-for-councils/index.html]
[gov-uk-verify-for-local-government-outputs-from-first-discovery-events/index.html]
[9507-2/index.html]
[gov-uk-verify-for-local-government-working-out-loud/index.html]
[exploring-the-need-for-gov-uk-verify-in-local-government-get-involved/index.html]
[event/adult-social-care-showcase-and-discovery-deferred-payment-agreement-eligibility-checker/index.html]
[working-out-loud-deferred-payment-agreement-dpa-calculator-building-the-collaboration-team/index.html]
[working-out-loud-deferred-payment-agreement-dpa-calculator-getting-started/index.html]
[waste-standards-the-delivery-approach-working-out-loud-blog/index.html]
[waste-standards-what-were-prioritising-and-why/index.html]
[beta-review-waste-services-standards-project/index.html]
[alpha-getting-the-data-we-needed-to-build-stuff/index.html]
[local-waste-service-standards-project-working-out-loud-blog-1/index.html]
[two-minutes-with-the-localo-waste-standard-api-development-team/index.html]
[local-and-central-government-invited-to-help-re-design-waste-services/index.html]
[CommunitiesUK/local-waste-service-standards-project-alpha-showca33c9.html]
[CommunitiesUK/localdigital-waste-service-standards-project-co-dedf06.html]
[CommunitiesUK/highlightsdf06.html]
[event/local-waste-service-standards-project-beta-showcase-and-workshop/index.html]
[product-incubator/deferred-payment-agreement-calculator/index.html]
[event/local-waste-service-standards-project-discovery-workshop-private-sector/index.html]
[event/local-waste-service-standards-project-discovery-workshop-public-sector/index.html]
[product-incubator/local-waste-service-standards-api/index.html]
[wp-content/uploads/2017/03/Screen-Shot-2017-03-01-at-12.34.10-300x157.png]
[wp-content/uploads/2017/02/Screen-Shot-2017-02-17-at-10.13.04-300x208.png]
[wp-content/uploads/2017/02/Screen-Shot-2017-02-17-at-10.13.16-300x210.png]
[wp-content/uploads/2016/11/Screen-Shot-2017-02-17-at-11.03.21-300x165.png]
[wp-content/uploads/2016/11/Screen-Shot-2017-02-17-at-11.06.08-300x190.png]
[wp-content/uploads/2016/11/Screen-Shot-2017-02-17-at-11.07.44-300x170.png]
[wp-content/uploads/2016/11/Screen-Shot-2017-02-17-at-11.09.01-300x144.png]
[wp-content/uploads/2016/11/Screen-Shot-2016-11-17-at-13.41.47-300x183.png]
[wp-content/uploads/2016/11/Screen-Shot-2017-02-17-at-11.23.57-300x144.png]
[wp-content/uploads/2016/11/Screen-Shot-2017-02-17-at-11.25.24-300x161.png]
[wp-content/uploads/2016/11/Screen-Shot-2017-02-17-at-11.27.05-300x153.png]
[wp-content/uploads/2016/09/Screen-Shot-2016-09-07-at-13.09.26-2-e1473351314210.png]
[wp-content/uploads/2016/09/Screen-Shot-2016-09-07-at-13.09.26-2-e1473351314210-300x175.png]
[wp-content/uploads/2016/08/Screen-Shot-2016-08-25-at-14.21.14.png]
[wp-content/uploads/2016/08/Screen-Shot-2016-08-25-at-14.21.14-300x245.png]
[wp-content/uploads/2016/08/Screen-Shot-2016-08-25-at-14.20.44.png]
[wp-content/uploads/2016/08/Screen-Shot-2016-08-25-at-14.20.44-300x243.png]
[wp-content/uploads/2016/08/Screen-Shot-2016-08-25-at-14.01.01.png]
[wp-content/uploads/2016/08/Screen-Shot-2016-08-25-at-14.01.01-300x234.png]
[wp-content/uploads/2016/08/Screen-Shot-2016-08-25-at-13.58.57.png]
[wp-content/uploads/2016/08/Screen-Shot-2016-08-25-at-13.58.57-300x213.png]
[wp-content/uploads/2016/08/Screen-Shot-2016-08-12-at-17.22.32.png]
[wp-content/uploads/2016/08/Screen-Shot-2016-08-12-at-17.22.32-300x300.png]
[wp-content/uploads/2016/08/Screen-Shot-2016-08-12-at-17.07.54.png]
[wp-content/uploads/2016/08/Screen-Shot-2016-08-12-at-17.07.54-300x300.png]
[wp-content/uploads/2016/03/Procurement-doc-thumbnail.jpg]
[wp-content/uploads/2016/03/Procurement-doc-thumbnail-219x300.jpg]
[wp-content/uploads/2015/06/henry-photo.jpg]
[wp-content/uploads/2015/06/henry-photo-e1434917943624.jpg]
[wp-content/uploads/2015/04/iStock-calculator-nuiiun-e1429558469354.jpg]
[wp-content/uploads/2015/09/sarah-prag.jpg]
[wp-content/uploads/2015/09/sarah-prag-150x150.jpg]
[wp-content/uploads/2015/10/paul_mackay.jpg]
[wp-content/uploads/2015/10/paul_mackay-300x300.jpg]
[wp-content/uploads/2016/03/Slide1.jpg]
[wp-content/uploads/2016/03/Slide1-300x225.jpg]
[wp-content/uploads/2016/03/Slide2.jpg]
[wp-content/uploads/2016/03/Slide2-300x225.jpg]
[wp-content/uploads/2015/09/Waste-beta-cover_300px.png]
[wp-content/uploads/2015/09/Waste-beta-cover_300px-219x300.png]
[wp-content/uploads/2016/02/Waste-beta-business-case_NEW.pdf]
[wp-content/uploads/2014/12/Land-Registry-2-Photo-Report-Final.jpg]
[wp-content/uploads/2014/12/Land-Registry-2-Photo-Report-Final-724x1024.jpg]
[wp-content/uploads/2016/03/AdamThoulass-ProfilePic.png]
[wp-content/uploads/2016/03/AdamThoulass-ProfilePic-150x150.png]
[wp-content/uploads/2015/10/paul_mackay-150x150.jpg]
[wp-content/uploads/2015/03/Linda-smallest-3.jpg]
[wp-content/uploads/2015/03/Linda-smallest-3-150x150.jpg]
[wp-content/uploads/2017/03/Discovery-to-Alpha-photo.jpg]
[wp-content/uploads/2017/03/Discovery-to-Alpha-photo-300x179.jpg]
[wp-content/uploads/2017/02/featured-image-1.jpg]
[wp-content/uploads/2017/02/featured-image-1-300x200.jpg]
[wp-content/uploads/2016/12/bhcc_logo_blk_web.jpg]
[wp-content/uploads/2016/11/2016-11-02-13.03.55-1024x768.jpg]
[wp-content/uploads/2016/10/Screen-Shot-2016-11-24-at-11.18.41.png]
[wp-content/uploads/2016/10/Screen-Shot-2016-11-24-at-11.18.41-1024x632.png]
[wp-content/uploads/2016/11/2016-10-18-13.07.16.jpg]
[wp-content/uploads/2016/11/2016-10-18-13.07.16-1024x768.jpg]
[wp-content/uploads/2016/08/Taxi-Licensing-620x413.png]
[wp-content/uploads/2016/08/Taxi-Licensing-620x413-300x200.png]
[wp-content/uploads/2016/07/Toni-Kirshaw-at-GOV.jpeg]
[wp-content/uploads/2016/07/Toni-Kirshaw-at-GOV-150x150.jpeg]
[wp-content/uploads/2016/07/Verify-Logo.jpg]
[wp-content/uploads/2015/04/iStock-calculator-nuiiun-150x150.jpg]
[wp-content/uploads/2015/09/grp1.png]
[wp-content/uploads/2015/09/grp2.png]
[wp-content/uploads/2015/07/Epics-Summary-Waste-Standards-Project.xlsx]
[wp-content/uploads/2015/07/2015-07-17-15.07.29-e1438001598350-1024x666.jpg]
[wp-content/uploads/2015/07/2015-07-17-15.46.46.jpg]
[wp-content/uploads/2015/07/2015-07-17-15.46.46-e1438011169262-1024x460.jpg]
[wp-content/uploads/2015/07/Screen-Shot-2015-07-27-at-20.36.40.png]
[wp-content/uploads/2015/07/Screen-Shot-2015-07-27-at-20.36.40-1024x451.png]
